running egg_info
writing ../../build/hw01_tf_demo/hw01_tf_demo.egg-info/PKG-INFO
writing dependency_links to ../../build/hw01_tf_demo/hw01_tf_demo.egg-info/dependency_links.txt
writing entry points to ../../build/hw01_tf_demo/hw01_tf_demo.egg-info/entry_points.txt
writing requirements to ../../build/hw01_tf_demo/hw01_tf_demo.egg-info/requires.txt
writing top-level names to ../../build/hw01_tf_demo/hw01_tf_demo.egg-info/top_level.txt
reading manifest file '../../build/hw01_tf_demo/hw01_tf_demo.egg-info/SOURCES.txt'
writing manifest file '../../build/hw01_tf_demo/hw01_tf_demo.egg-info/SOURCES.txt'
running build
running build_py
creating /home/ayu/ros_ws/build/hw01_tf_demo/build/lib/hw01_tf_demo/task3_ros
copying hw01_tf_demo/task3_ros/tf_broadcaster_node.py -> /home/ayu/ros_ws/build/hw01_tf_demo/build/lib/hw01_tf_demo/task3_ros
copying hw01_tf_demo/task3_ros/__init__.py -> /home/ayu/ros_ws/build/hw01_tf_demo/build/lib/hw01_tf_demo/task3_ros
running install
running install_lib
creating /home/ayu/ros_ws/install/hw01_tf_demo/lib/python3.10/site-packages/hw01_tf_demo/task3_ros
copying /home/ayu/ros_ws/build/hw01_tf_demo/build/lib/hw01_tf_demo/task3_ros/tf_broadcaster_node.py -> /home/ayu/ros_ws/install/hw01_tf_demo/lib/python3.10/site-packages/hw01_tf_demo/task3_ros
copying /home/ayu/ros_ws/build/hw01_tf_demo/build/lib/hw01_tf_demo/task3_ros/__init__.py -> /home/ayu/ros_ws/install/hw01_tf_demo/lib/python3.10/site-packages/hw01_tf_demo/task3_ros
byte-compiling /home/ayu/ros_ws/install/hw01_tf_demo/lib/python3.10/site-packages/hw01_tf_demo/task3_ros/tf_broadcaster_node.py to tf_broadcaster_node.cpython-310.pyc
byte-compiling /home/ayu/ros_ws/install/hw01_tf_demo/lib/python3.10/site-packages/hw01_tf_demo/task3_ros/__init__.py to __init__.cpython-310.pyc
running install_data
copying resource/hw01_tf_demo -> /home/ayu/ros_ws/install/hw01_tf_demo/share/ament_index/resource_index/packages
running install_egg_info
Copying ../../build/hw01_tf_demo/hw01_tf_demo.egg-info to /home/ayu/ros_ws/install/hw01_tf_demo/lib/python3.10/site-packages/hw01_tf_demo-0.0.0-py3.10.egg-info
running install_scripts
Installing tf_broadcaster_node script to /home/ayu/ros_ws/install/hw01_tf_demo/lib/hw01_tf_demo
writing list of installed files to '/home/ayu/ros_ws/build/hw01_tf_demo/install.log'
