[0.459s] Invoking command in '/home/ayu/ros_ws/src/hw01_tf_demo': PYTHONPATH=/home/ayu/ros_ws/build/hw01_tf_demo/prefix_override:/usr/lib/python3/dist-packages/colcon_core/task/python/colcon_distutils_commands:/home/ayu/ros_ws/install/hw01_tf_demo/lib/python3.10/site-packages:${PYTHONPATH} /usr/bin/python3 -W ignore:setup.py install is deprecated -W ignore:easy_install command is deprecated setup.py egg_info --egg-base ../../build/hw01_tf_demo build --build-base /home/ayu/ros_ws/build/hw01_tf_demo/build install --record /home/ayu/ros_ws/build/hw01_tf_demo/install.log --install-scripts $base/lib/hw01_tf_demo --single-version-externally-managed install_data
[0.577s] running egg_info
[0.577s] writing ../../build/hw01_tf_demo/hw01_tf_demo.egg-info/PKG-INFO
[0.581s] writing dependency_links to ../../build/hw01_tf_demo/hw01_tf_demo.egg-info/dependency_links.txt
[0.582s] writing entry points to ../../build/hw01_tf_demo/hw01_tf_demo.egg-info/entry_points.txt
[0.582s] writing requirements to ../../build/hw01_tf_demo/hw01_tf_demo.egg-info/requires.txt
[0.582s] writing top-level names to ../../build/hw01_tf_demo/hw01_tf_demo.egg-info/top_level.txt
[0.583s] reading manifest file '../../build/hw01_tf_demo/hw01_tf_demo.egg-info/SOURCES.txt'
[0.583s] writing manifest file '../../build/hw01_tf_demo/hw01_tf_demo.egg-info/SOURCES.txt'
[0.583s] running build
[0.583s] running build_py
[0.584s] creating /home/ayu/ros_ws/build/hw01_tf_demo/build/lib/hw01_tf_demo/task3_ros
[0.584s] copying hw01_tf_demo/task3_ros/tf_broadcaster_node.py -> /home/ayu/ros_ws/build/hw01_tf_demo/build/lib/hw01_tf_demo/task3_ros
[0.584s] copying hw01_tf_demo/task3_ros/__init__.py -> /home/ayu/ros_ws/build/hw01_tf_demo/build/lib/hw01_tf_demo/task3_ros
[0.584s] running install
[0.584s] running install_lib
[0.586s] creating /home/ayu/ros_ws/install/hw01_tf_demo/lib/python3.10/site-packages/hw01_tf_demo/task3_ros
[0.586s] copying /home/ayu/ros_ws/build/hw01_tf_demo/build/lib/hw01_tf_demo/task3_ros/tf_broadcaster_node.py -> /home/ayu/ros_ws/install/hw01_tf_demo/lib/python3.10/site-packages/hw01_tf_demo/task3_ros
[0.586s] copying /home/ayu/ros_ws/build/hw01_tf_demo/build/lib/hw01_tf_demo/task3_ros/__init__.py -> /home/ayu/ros_ws/install/hw01_tf_demo/lib/python3.10/site-packages/hw01_tf_demo/task3_ros
[0.586s] byte-compiling /home/ayu/ros_ws/install/hw01_tf_demo/lib/python3.10/site-packages/hw01_tf_demo/task3_ros/tf_broadcaster_node.py to tf_broadcaster_node.cpython-310.pyc
[0.587s] byte-compiling /home/ayu/ros_ws/install/hw01_tf_demo/lib/python3.10/site-packages/hw01_tf_demo/task3_ros/__init__.py to __init__.cpython-310.pyc
[0.587s] running install_data
[0.587s] copying resource/hw01_tf_demo -> /home/ayu/ros_ws/install/hw01_tf_demo/share/ament_index/resource_index/packages
[0.587s] running install_egg_info
[0.588s] Copying ../../build/hw01_tf_demo/hw01_tf_demo.egg-info to /home/ayu/ros_ws/install/hw01_tf_demo/lib/python3.10/site-packages/hw01_tf_demo-0.0.0-py3.10.egg-info
[0.589s] running install_scripts
[0.599s] Installing tf_broadcaster_node script to /home/ayu/ros_ws/install/hw01_tf_demo/lib/hw01_tf_demo
[0.599s] writing list of installed files to '/home/ayu/ros_ws/build/hw01_tf_demo/install.log'
[0.612s] Invoked command in '/home/ayu/ros_ws/src/hw01_tf_demo' returned '0': PYTHONPATH=/home/ayu/ros_ws/build/hw01_tf_demo/prefix_override:/usr/lib/python3/dist-packages/colcon_core/task/python/colcon_distutils_commands:/home/ayu/ros_ws/install/hw01_tf_demo/lib/python3.10/site-packages:${PYTHONPATH} /usr/bin/python3 -W ignore:setup.py install is deprecated -W ignore:easy_install command is deprecated setup.py egg_info --egg-base ../../build/hw01_tf_demo build --build-base /home/ayu/ros_ws/build/hw01_tf_demo/build install --record /home/ayu/ros_ws/build/hw01_tf_demo/install.log --install-scripts $base/lib/hw01_tf_demo --single-version-externally-managed install_data
